1234567123456712345671
2
3
4
5
6
7
